---end scope---
---end scope---
---end scope---
---end scope---
---end scope---
---end scope---
---end scope---
---end scope---
---end scope---
---end scope---
---end scope---
---end scope---
---end scope---
---end scope---
---end scope---
---end scope---
---end scope---
---end scope---
---end scope---
---end scope---
---end scope---
print (STRING)->VOID 0
printi (INT)->VOID 0
readi (INT)->INT 0
z INT 0
t BYTE 1
x INT 2
y BYTE 3
a INT 4
b1 BYTE 5
b2 BYTE 6
bol BOOL 7
