---end scope---
---end scope---
---end scope---
line 23: type mismatch
