---end scope---
a INT 0
c BOOL 1
h BYTE 2
f BYTE 3
fint INT 4
---end scope---
print (STRING)->VOID 0
printi (INT)->VOID 0
main ()->VOID 0
